// Jest Snapshot v1, https://goo.gl/fbAQLP

exports[`LocalLanguageAlternatives displays statically as expected Snapshot of LocalLanguageAlternatives is the same 1`] = `
Array [
  <menu
    className="sc-fEOsli sc-bjUoiL sc-idiyUo kSqfms kaHjhA JUXrX"
  >
    <li
      className="c-menu__item c-menu__label"
    >
      Select:
    </li>
    <li
      className="c-menu__item"
    >
      <button
        className="sc-bczRLJ sc-gsnTZi sc-dkzDqf iBbGtg hPThGj giflia"
        onClick={[Function]}
        value="javascript"
      >
        JS
      </button>
    </li>
    <li
      className="c-menu__item"
    >
      <button
        className="sc-bczRLJ sc-gsnTZi iBbGtg hPThGj"
        onClick={[Function]}
        value="ruby"
      >
        Ruby
      </button>
    </li>
    <li
      className="c-menu__item"
    >
      <button
        className="sc-bczRLJ sc-gsnTZi iBbGtg hPThGj"
        onClick={[Function]}
        value="csharp"
      >
        C#
      </button>
    </li>
  </menu>,
  "This is default content.",
]
`;
