// Jest Snapshot v1, https://goo.gl/fbAQLP

<<<<<<< HEAD
exports[`Different langs provided to Code elements results in different rendering Successfully renders Code elements with language 1`] = `null`;
=======
exports[`Different langs provided to Code elements results in different rendering Successfully renders Code elements with language 1`] = `
<pre
  className="doc-pre-container"
>
  <menu
    className="docs-horizontal-menu"
  >
    <li
      className="docs-menu-item pr-4 text-white"
    >
      No JS example exists, select:
    </li>
    <li
      className="docs-menu-item"
    >
      <button
        className="docs-menu-item-button-selected"
        onClick={[Function]}
        value="javascript"
      >
        JS
      </button>
    </li>
    <li
      className="docs-menu-item"
    >
      <button
        className="docs-menu-item-button"
        onClick={[Function]}
        value="csharp"
      >
        C#
      </button>
    </li>
  </menu>
  var useVars = false;
</pre>
`;
>>>>>>> baa0f6d05 (Updated snapshots)
