// Jest Snapshot v1, https://goo.gl/fbAQLP

exports[`LocalLanguageAlternatives displays statically as expected Snapshot of LocalLanguageAlternatives is the same 1`] = `
<h1>
  Inner content
</h1>
`;
